~/workspace$ git fsck
Checking ref database: 100% (1/1), done.
Checking object directories: 100% (256/256), done.
Checking objects: 100% (151/151), done.
dangling tree 56a9e2a0a737c5e94d05abd7ac53d5bd4fac6189
dangling tree e1896b2d559993b37c55948f2e2471b5bb1d7b4d
dangling tree 756ca24651d71698069c04a74be8924f0b2594e4
dangling tree d338089a061c0156156c38e0a534b2e35f55c826
~/workspace$ git add .
~/workspace$ git commit -m "rr"
[main 9e610e6] rr
~/workspace$ rm -f .git/index.lock
~/workspace$ # 1. First, remove the lockfile (use a dash, not equals sign)
rm -f .git/index.lock

# 2. Check your current status
git status

# 3. If there are conflicts, you'll see them listed. To merge replit-agent into main:
git merge replit-agent

# 4. If conflicts appear, you can either:
#    - Resolve them manually by editing the files
#    - OR abort the merge: git merge --abort
On branch main
Your branch and 'origin/main' have diverged,
and have 3 and 5 different commits each, respectively.
  (use "git pull" if you want to integrate the remote branch with yours)

You have unmerged paths.
  (fix conflicts and run "git commit")
  (use "git merge --abort" to abort the merge)

Changes to be committed:
    new file:   SHOP_IMPLEMENTATION_COMPLETE.md
    new file:   build/assets/index-B8gJXQGL.css
    renamed:    build/assets/index-CR7ZSOzr.js -> build/assets/index-BtU0CMCU.js
    deleted:    build/assets/index-DSSEUc_6.css
    deleted:    build/assets/index-fqqmQJA5.js
    deleted:    build/assets/index.es-1eKnzzt7.js
    renamed:    build/assets/index.es-B7P4miMW.js -> build/assets/index.es-CE53PcTm.js
    modified:   build/index.html
    modified:   src/components/BackToSiteDropdown.tsx
    new file:   src/components/ColorSwatch.tsx
    new file:   src/components/ColorsModal.tsx
    new file:   src/components/FillingsModal.tsx
    new file:   src/components/FlavorsModal.tsx
    new file:   src/components/ProductCatalog.tsx
    new file:   src/data/fakeOrders.json
    new file:   src/data/generateOrders.ts
    modified:   src/pages/Dashboard.tsx
    modified:   src/pages/Orders.tsx
    modified:   src/pages/Settings.tsx
    new file:   src/pages/Shop.tsx
    modified:   src/pages/admin/Builder.tsx
    new file:   src/types/Product.ts
    new file:   src/utils/imageGenerators.ts
    modified:   vite.config.ts

Unmerged paths:
  (use "git add <file>..." to mark resolution)
    both modified:   src/pages/admin/dashboards/BakerDashboard.tsx
    both modified:   src/pages/admin/dashboards/DecoratorDashboard.tsx

error: Merging is not possible because you have unmerged files.
hint: Fix them up in the work tree, and then use 'git add/rm <file>'
hint: as appropriate to mark resolution and make a commit.
fatal: Exiting because of an unresolved conflict.
~/workspace$ ^[[200~# Just commit your current changes
# Just commit your current changesbash: #: command not found
~/workspace$ git add .
~/workspace$ git commit -m "Case study compliance realignment - Nov 18"
On branch main
Your branch and 'origin/main' have diverged,
and have 3 and 5 different commits each, respectively.

nothing to commit, working tree clean
~/workspace$
